Token			Lexeme			LineNum
INT				int				1
ID				a				1
SEMICOLON				;				1
INT				int				3
ID				main				3
LPAREN				(				3
RPAREN				)				3
LBRACE				{				4
INT				int				5
ID				hex				5
ASSIGN				=				5
HEX				10				5
SEMICOLON				;				5
INT				int				6
ID				oct				6
ASSIGN				=				6
OCT				7				6
SEMICOLON				;				6
FLOAT				float				7
ID				f				7
ASSIGN				=				7
FLT				0.07				7
SEMICOLON				;				7
INT				int				8
ID				a				8
SEMICOLON				;				8
ID				a				9
ASSIGN				=				9
DEC				1				9
ADD				+				9
DEC				2				9
SEMICOLON				;				9
IF				if				10
LPAREN				(				10
ID				a				10
ST				<				10
DEC				5				10
RPAREN				)				10
RETURN				return				11
DEC				1				11
SEMICOLON				;				11
RETURN				return				12
DEC				0				12
SEMICOLON				;				12
RBRACE				}				13
