Token			Lexeme			LineNum
INT				int				3
ID				f				3
LPAREN				(				3
RPAREN				)				3
LBRACE				{				3
INT				int				4
ID				a				4
SEMICOLON				;				4
ID				a				5
ASSIGN				=				5
DEC				0				5
SEMICOLON				;				5
WHILE				while				6
LPAREN				(				6
ID				a				6
ST				<				6
DEC				10				6
RPAREN				)				6
LBRACE				{				6
ID				a				7
ASSIGN				=				7
ID				a				7
MUL				*				7
DEC				2345				7
SEMICOLON				;				7
RBRACE				}				8
RETURN				return				9
ID				a				9
SEMICOLON				;				9
RBRACE				}				10
INT				int				12
ID				main				12
LPAREN				(				12
RPAREN				)				12
LBRACE				{				12
INT				int				13
ID				_testid				13
SEMICOLON				;				13
ID				_testid				14
ASSIGN				=				14
DEC				0				14
SEMICOLON				;				14
IF				if				15
LPAREN				(				15
ID				_testid				15
EQUAL				==				15
DEC				0				15
RPAREN				)				15
LBRACE				{				15
INT				int				16
ID				_testid				16
SEMICOLON				;				16
INT				int				17
ID				_testid2				17
SEMICOLON				;				17
ID				_testid1				18
ASSIGN				=				18
ID				_testid1				18
ADD				+				18
DEC				1				18
SEMICOLON				;				18
RBRACE				}				19
FOR				for				20
LPAREN				(				20
INT				int				20
ID				k				20
ASSIGN				=				20
DEC				0				20
SEMICOLON				;				20
ID				k				20
ST				<				20
DEC				10				20
SEMICOLON				;				20
ID				k				20
SADD				++				20
RPAREN				)				20
LBRACE				{				21
IF				if				22
LPAREN				(				22
ID				k				22
EQUAL				==				22
DEC				1				22
RPAREN				)				22
LBRACE				{				23
BREAK				break				24
SEMICOLON				;				24
RBRACE				}				25
RBRACE				}				26
LBRACE				{				28
INT				int				29
ID				a				29
SEMICOLON				;				29
RBRACE				}				30
LBRACE				{				31
INT				int				32
ID				a				32
SEMICOLON				;				32
RBRACE				}				33
INT				int				34
ID				b				34
SEMICOLON				;				34
RETURN				return				35
DEC				0				35
SEMICOLON				;				35
RBRACE				}				36
